[103.53.42.56/index.html]
[backblue.gif]
[fade.gif]
[index.html]
[103.53.42.56/fonts/roboto-black-webfont.woff2]
[maxcdn.bootstrapcdn.com/font-awesome/4.5.0/css/font-awesome.min.css]
[103.53.42.56/fonts/roboto-bold-webfont.woff2]
[103.53.42.56/fonts/roboto-regular-webfont.woff2]
[103.53.42.56/images/favicon.png]
[103.53.42.56/index-2.html]
[103.53.42.56/images/mangla-hoist-logo.png]
[103.53.42.56/about-us.html]
[103.53.42.56/industries.html]
[103.53.42.56/clients.html]
[103.53.42.56/images/navigation-mangla.webp]
[103.53.42.56/hot_cranes.html]
[103.53.42.56/eot_cranes.html]
[103.53.42.56/jibcrane.html]
[103.53.42.56/goliath-cranes.html]
[103.53.42.56/electric-wire-rope-hoist.html]
[103.53.42.56/electric-winches.html]
[103.53.42.56/electro-magnets.html]
[103.53.42.56/chain-pulley.html]
[103.53.42.56/chain-electric-hoist.html]
[103.53.42.56/ratchet-lever-hoist.html]
[103.53.42.56/pulling-&-lifting-machines.html]
[103.53.42.56/wire-rope-electric-hoist.html]
[103.53.42.56/light-profile-cranes.html]
[103.53.42.56/wire-rope.html]
[103.53.42.56/webbing-slings.html]
[103.53.42.56/chain-slings.html]
[103.53.42.56/u-clamps.html]
[103.53.42.56/d-clamps.html]
[103.53.42.56/services.html]
[103.53.42.56/contact-us.html]
[103.53.42.56/images/mangla-home-banner.webp]
[103.53.42.56/images/products/eot-cranes.webp]
[103.53.42.56/images/products/hot-cranes.webp]
[103.53.42.56/images/products/jib-cranes.webp]
[103.53.42.56/images/products/goliath-cranes.webp]
[103.53.42.56/images/products/chain-electric-hoists.webp]
[103.53.42.56/images/products/chain-pulley-blocks.webp]
[103.53.42.56/images/products/wire-rope-electric-hoists.webp]
[103.53.42.56/images/1st.png]
[103.53.42.56/images/2nd.png]
[103.53.42.56/images/3rd.png]
[103.53.42.56/images/mangla-hoist-center-image.webp]
[103.53.42.56/images/wide-range-product.webp]
[103.53.42.56/images/client/ntpc.webp]
[103.53.42.56/images/client/bhel.webp]
[103.53.42.56/images/client/tata.webp]
[103.53.42.56/images/client/jindal.webp]
[103.53.42.56/images/client/ge.webp]
[103.53.42.56/images/client/acc.webp]
[103.53.42.56/images/client/aditya-birla-group.webp]
[103.53.42.56/images/client/l-&-t.webp]
[103.53.42.56/images/client/esscort.webp]
[103.53.42.56/images/setting.webp]
[103.53.42.56/images/email-icon.png]
[103.53.42.56/images/calling-icon.png]
[103.53.42.56/images/brochure-icon.png]
[103.53.42.56/images/mangla-logo-wite.png]
[103.53.42.56/js/script.min.js]
[103.53.42.56/index.html]
[maxcdn.bootstrapcdn.com/font-awesome/4.5.0/css/font-awesome.min.css]
[103.53.42.56/fonts/glyphicons-halflings-regular.eot]
[103.53.42.56/fonts/glyphicons-halflings-regular.woff2]
[103.53.42.56/fonts/glyphicons-halflings-regulard41d.eot]
[103.53.42.56/fonts/glyphicons-halflings-regular.woff]
[103.53.42.56/fonts/glyphicons-halflings-regular.ttf]
[103.53.42.56/fonts/building-icons4965.eot]
[103.53.42.56/fonts/building-iconsd41d.eot]
[103.53.42.56/fonts/building-icons4965.ttf]
[103.53.42.56/fonts/building-icons4965.woff]
[103.53.42.56/fonts/roboto-black-webfont.woff]
[103.53.42.56/fonts/roboto-bold-webfont.woff]
[103.53.42.56/fonts/roboto-regular-webfont.woff]
[103.53.42.56/images/quoteLeft.webp]
[103.53.42.56/images/quoteRight.webp]
[103.53.42.56/images/delar-since-1973.webp]
[103.53.42.56/images/counter.webp]
[103.53.42.56/images/mangla-product-manufacturing.jpg]
[103.53.42.56/images/about/about-banner.jpg]
[103.53.42.56/images/core-strength.jpg]
[103.53.42.56/images/counter.jpg]
[103.53.42.56/css/style.min.css]
[103.53.42.56/index-2.html]
[103.53.42.56/images/about-us.webp]
[103.53.42.56/images/awards/sales-champion.webp]
[103.53.42.56/images/awards/bussiness-development.webp]
[103.53.42.56/images/awards/valued-partner.webp]
[103.53.42.56/images/awards/indef-premier-league.webp]
[103.53.42.56/images/awards/annual-sales-mma-meet.webp]
[103.53.42.56/images/awards/ranking-for-annual-sales-mma-meet.webp]
[103.53.42.56/images/awards/elephant-award.webp]
[103.53.42.56/images/awards/bronze-award-all-india-ranking.webp]
[103.53.42.56/images/awards/appreciation-of-the-best-performance.webp]
[103.53.42.56/images/awards/indef-products.webp]
[103.53.42.56/images/core-strength-about.png]
[103.53.42.56/images/about/our-forte.webp]
[103.53.42.56/images/about/manufacture-image.webp]
[103.53.42.56/about-us.html]
[103.53.42.56/images/industries/energy-power.webp]
[103.53.42.56/images/industries/automobile.webp]
[103.53.42.56/images/industries/steel.webp]
[103.53.42.56/images/industries/chemicals-fertilizer.webp]
[103.53.42.56/images/industries/construction-cement.webp]
[103.53.42.56/images/industries/gas-oil.webp]
[103.53.42.56/images/industries/general-engineering-heavy-industries.webp]
[103.53.42.56/images/industries/ports-cargo-terminal.webp]
[103.53.42.56/industries.html]
[103.53.42.56/images/customers/ge-logo.webp]
[103.53.42.56/images/customers/2.webp]
[103.53.42.56/images/customers/3.webp]
[103.53.42.56/images/customers/4.webp]
[103.53.42.56/images/customers/5.webp]
[103.53.42.56/images/customers/6.webp]
[103.53.42.56/images/customers/7.webp]
[103.53.42.56/images/customers/8.webp]
[103.53.42.56/images/customers/9.webp]
[103.53.42.56/images/customers/10.webp]
[103.53.42.56/images/customers/11.webp]
[103.53.42.56/images/customers/12.webp]
[103.53.42.56/images/customers/13.webp]
[103.53.42.56/images/customers/14.webp]
[103.53.42.56/images/customers/15.webp]
[103.53.42.56/images/customers/16.webp]
[103.53.42.56/images/customers/17.webp]
[103.53.42.56/images/customers/18.webp]
[103.53.42.56/images/customers/19.webp]
[103.53.42.56/images/customers/20.webp]
[103.53.42.56/images/customers/21.webp]
[103.53.42.56/images/customers/22.webp]
[103.53.42.56/images/customers/23.webp]
[103.53.42.56/images/customers/24.webp]
[103.53.42.56/images/customers/25.webp]
[103.53.42.56/images/customers/26.webp]
[103.53.42.56/images/customers/27.webp]
[103.53.42.56/images/customers/28.webp]
[103.53.42.56/images/customers/29.webp]
[103.53.42.56/images/customers/30.webp]
[103.53.42.56/clients.html]
[103.53.42.56/images/products/hot-cranes-product.webp]
[103.53.42.56/images/product-specification.webp]
[103.53.42.56/images/contact.png]
[103.53.42.56/hot_cranes.html]
[103.53.42.56/images/products/eot-cranes-product.webp]
[103.53.42.56/images/products/eot-specification.webp]
[103.53.42.56/eot_cranes.html]
[103.53.42.56/images/products/jib-cranes-product.webp]
[103.53.42.56/images/products/jib-specifiaction.webp]
[103.53.42.56/jibcrane.html]
[103.53.42.56/images/products/golliyat-cranes.webp]
[103.53.42.56/goliath-cranes.html]
[103.53.42.56/images/products/wiro-electric-hoist.webp]
[103.53.42.56/electric-wire-rope-hoist.html]
[103.53.42.56/images/products/electric-winches.webp]
[103.53.42.56/electric-winches.html]
[103.53.42.56/images/products/electro-magnets.webp]
[103.53.42.56/images/electro-magnet.webp]
[103.53.42.56/electro-magnets.html]
[103.53.42.56/images/products/indef-p.webp]
[103.53.42.56/images/products/chain-pully-specification.webp]
[103.53.42.56/images/products/indef-m.webp]
[103.53.42.56/images/products/indef-p-specification.webp]
[103.53.42.56/chain-pulley.html]
[103.53.42.56/images/products/electric-chain-hoist-hc.webp]
[103.53.42.56/images/products/electric-chain-hoist.webp]
[103.53.42.56/images/products/electric-chain-hoist-eh-ii.webp]
[103.53.42.56/images/products/electric-chain-hoist-electic.webp]
[103.53.42.56/chain-electric-hoist.html]
[103.53.42.56/images/products/rlh.webp]
[103.53.42.56/images/products/rlh-technical-spec.webp]
[103.53.42.56/ratchet-lever-hoist.html]
[103.53.42.56/images/products/pulling-lifting-machine.webp]
[103.53.42.56/images/products/pulling-lifting.webp]
[103.53.42.56/pulling-&-lifting-machines.html]
[103.53.42.56/images/products/wire-robe.webp]
[103.53.42.56/images/products/wire-robe-spec.webp]
[103.53.42.56/images/products/heavy-duty-wire-rope.webp]
[103.53.42.56/images/products/heavy-duty-wire-rope-spec.webp]
[103.53.42.56/wire-rope-electric-hoist.html]
[103.53.42.56/images/products/single-grinder.webp]
[103.53.42.56/images/products/light-crane-spec.webp]
[103.53.42.56/images/products/double-grider.webp]
[103.53.42.56/images/products/double-grinder-spec.webp]
[103.53.42.56/light-profile-cranes.html]
[103.53.42.56/images/products/wire-rope.webp]
[103.53.42.56/images/products/wire-rope-spec.webp]
[103.53.42.56/images/products/elevator-rope.webp]
[103.53.42.56/images/products/wire-rope-specification.webp]
[103.53.42.56/images/products/general-engineering-rope.webp]
[103.53.42.56/wire-rope.html]
[103.53.42.56/images/products/web-sling.webp]
[103.53.42.56/images/products/webbing-sling-safety-factor.webp]
[103.53.42.56/images/products/webbing-sling-safety-factor-1.webp]
[103.53.42.56/images/products/endless-round-sling.webp]
[103.53.42.56/images/products/ferreterro-specification.webp]
[103.53.42.56/webbing-slings.html]
[103.53.42.56/images/products/chain-slings.webp]
[103.53.42.56/images/products/chain-sling-1.webp]
[103.53.42.56/images/products/chain-sling-2.webp]
[103.53.42.56/images/products/chain-sling-3.webp]
[103.53.42.56/images/products/chain-sling-specification.webp]
[103.53.42.56/chain-slings.html]
[103.53.42.56/images/products/u-clamps.webp]
[103.53.42.56/images/products/u-clamps-specification.webp]
[103.53.42.56/u-clamps.html]
[103.53.42.56/images/products/d-clamps.webp]
[103.53.42.56/images/products/d-clamps-specification.webp]
[103.53.42.56/d-clamps.html]
[103.53.42.56/images/service/installation-erection-of-hoist-cranes.webp]
[103.53.42.56/images/service/warranty.webp]
[103.53.42.56/images/service/machines.webp]
[103.53.42.56/images/service/on-demand-service.webp]
[103.53.42.56/images/service/spare-parts.webp]
[103.53.42.56/services.html]
[103.53.42.56/contact-us.html]
[103.53.42.56/images/1.svg]
[103.53.42.56/images/2.svg]
[103.53.42.56/images/3.svg]
[103.53.42.56/images/4.svg]
[103.53.42.56/fonts/glyphicons-halflings-regular.svg]
[103.53.42.56/fonts/building-icons4965.svg]
[103.53.42.56/css/grabbing.html]
[103.53.42.56/css/AjaxLoader.html]
[103.53.42.56/fonts/revicons/revicons90c6.html]
[103.53.42.56/fonts/revicons/revicons90c6-2.html]
[103.53.42.56/fonts/revicons/revicons90c6-3.html]
[103.53.42.56/fonts/revicons/revicons90c6-4.html]
[103.53.42.56/css/openhand.html]
[103.53.42.56/css/closedhand.html]
[103.53.42.56/assets/gridtile.html]
[103.53.42.56/assets/gridtile_white.html]
[103.53.42.56/assets/gridtile_3x3.html]
[103.53.42.56/assets/gridtile_3x3_white.html]
[103.53.42.56/assets/coloredbg.html]
[103.53.42.56/assets/loader.html]
[103.53.42.56/images/parallax1.html]
[103.53.42.56/images/page-tittle.html]
